Archive member included to satisfy reference by file (symbol)

d:/prog_files/truestudio for stm32 9.3.0/armtools/bin/../lib/gcc/arm-atollic-eabi/6.3.1/../../../../arm-atollic-eabi/lib/armv7-m\libc_nano.a(lib_a-init.o)
                              System\startup_stm32f10x.o (__libc_init_array)

Allocating common symbols
Common symbol       size              file

msg                 0xc               src\APP\BootloaderProcess.o
USART1_func         0x4               src\MCAL\UART\UART_program.o
transimissinBuffer  0x14              src\Services\MTP\MTP.o
CMD                 0x1               src\APP\BootloaderProcess.o

Discarded input sections

 .text          0x00000000        0x0 d:/prog_files/truestudio for stm32 9.3.0/armtools/bin/../lib/gcc/arm-atollic-eabi/6.3.1/armv7-m/crti.o
 .data          0x00000000        0x0 d:/prog_files/truestudio for stm32 9.3.0/armtools/bin/../lib/gcc/arm-atollic-eabi/6.3.1/armv7-m/crti.o
 .bss           0x00000000        0x0 d:/prog_files/truestudio for stm32 9.3.0/armtools/bin/../lib/gcc/arm-atollic-eabi/6.3.1/armv7-m/crti.o
 .data          0x00000000        0x4 d:/prog_files/truestudio for stm32 9.3.0/armtools/bin/../lib/gcc/arm-atollic-eabi/6.3.1/armv7-m/crtbegin.o
 .text          0x00000000       0x14 System\startup_stm32f10x.o
 .data          0x00000000        0x0 System\startup_stm32f10x.o
 .bss           0x00000000        0x0 System\startup_stm32f10x.o
 .group         0x00000000        0x8 System\stm32f1xx_it.o
 .text          0x00000000        0x0 System\stm32f1xx_it.o
 .data          0x00000000        0x0 System\stm32f1xx_it.o
 .bss           0x00000000        0x0 System\stm32f1xx_it.o
 .group         0x00000000        0x8 src\APP\BootloaderProcess.o
 .group         0x00000000        0x8 src\APP\BootloaderProcess.o
 .group         0x00000000        0x8 src\APP\BootloaderProcess.o
 .group         0x00000000        0x8 src\APP\BootloaderProcess.o
 .group         0x00000000        0x8 src\APP\BootloaderProcess.o
 .group         0x00000000        0x8 src\APP\BootloaderProcess.o
 .text          0x00000000        0x0 src\APP\BootloaderProcess.o
 .data          0x00000000        0x0 src\APP\BootloaderProcess.o
 .bss           0x00000000        0x0 src\APP\BootloaderProcess.o
 .debug_macro   0x00000000      0x8aa src\APP\BootloaderProcess.o
 .group         0x00000000        0x8 src\APP\main.o
 .group         0x00000000        0x8 src\APP\main.o
 .group         0x00000000        0x8 src\APP\main.o
 .group         0x00000000        0x8 src\APP\main.o
 .group         0x00000000        0x8 src\APP\main.o
 .group         0x00000000        0x8 src\APP\main.o
 .text          0x00000000        0x0 src\APP\main.o
 .data          0x00000000        0x0 src\APP\main.o
 .bss           0x00000000        0x0 src\APP\main.o
 .debug_macro   0x00000000      0x8aa src\APP\main.o
 .debug_macro   0x00000000       0x46 src\APP\main.o
 .debug_macro   0x00000000       0x1c src\APP\main.o
 .debug_macro   0x00000000       0xa6 src\APP\main.o
 .debug_macro   0x00000000       0x28 src\APP\main.o
 .group         0x00000000        0x8 src\HAL\Interrupts\Interrupts_program.o
 .group         0x00000000        0x8 src\HAL\Interrupts\Interrupts_program.o
 .group         0x00000000        0x8 src\HAL\Interrupts\Interrupts_program.o
 .text          0x00000000        0x0 src\HAL\Interrupts\Interrupts_program.o
 .data          0x00000000        0x0 src\HAL\Interrupts\Interrupts_program.o
 .bss           0x00000000        0x0 src\HAL\Interrupts\Interrupts_program.o
 .text.Interrupts_SetPriority
                0x00000000       0x2a src\HAL\Interrupts\Interrupts_program.o
 .text.Interrupts_GetPriority
                0x00000000       0x28 src\HAL\Interrupts\Interrupts_program.o
 .text.Interrupts_GetPendingIRQ
                0x00000000       0x18 src\HAL\Interrupts\Interrupts_program.o
 .text.Interrupts_SetPendingIRQ
                0x00000000       0x16 src\HAL\Interrupts\Interrupts_program.o
 .text.Interrupts_ClearPendingIRQ
                0x00000000       0x16 src\HAL\Interrupts\Interrupts_program.o
 .text.Interrupts_GetActive
                0x00000000       0x18 src\HAL\Interrupts\Interrupts_program.o
 .text.Interrupts_SetDevicePriority
                0x00000000       0x1a src\HAL\Interrupts\Interrupts_program.o
 .text.Interrupts_GetDevicePriority
                0x00000000       0x18 src\HAL\Interrupts\Interrupts_program.o
 .debug_macro   0x00000000      0x8aa src\HAL\Interrupts\Interrupts_program.o
 .debug_macro   0x00000000       0x46 src\HAL\Interrupts\Interrupts_program.o
 .debug_macro   0x00000000       0x2e src\HAL\Interrupts\Interrupts_program.o
 .group         0x00000000        0x8 src\MCAL\Core\Core_program.o
 .text          0x00000000        0x0 src\MCAL\Core\Core_program.o
 .data          0x00000000        0x0 src\MCAL\Core\Core_program.o
 .bss           0x00000000        0x0 src\MCAL\Core\Core_program.o
 .debug_info    0x00000000       0x21 src\MCAL\Core\Core_program.o
 .debug_abbrev  0x00000000       0x13 src\MCAL\Core\Core_program.o
 .debug_aranges
                0x00000000       0x18 src\MCAL\Core\Core_program.o
 .debug_macro   0x00000000       0x11 src\MCAL\Core\Core_program.o
 .debug_macro   0x00000000      0x8aa src\MCAL\Core\Core_program.o
 .debug_line    0x00000000       0x40 src\MCAL\Core\Core_program.o
 .debug_str     0x00000000     0x254c src\MCAL\Core\Core_program.o
 .comment       0x00000000       0x7d src\MCAL\Core\Core_program.o
 .ARM.attributes
                0x00000000       0x33 src\MCAL\Core\Core_program.o
 .group         0x00000000        0x8 src\MCAL\DMA\DMA_program.o
 .group         0x00000000        0x8 src\MCAL\DMA\DMA_program.o
 .group         0x00000000        0x8 src\MCAL\DMA\DMA_program.o
 .group         0x00000000        0x8 src\MCAL\DMA\DMA_program.o
 .group         0x00000000        0x8 src\MCAL\DMA\DMA_program.o
 .text          0x00000000        0x0 src\MCAL\DMA\DMA_program.o
 .data          0x00000000        0x0 src\MCAL\DMA\DMA_program.o
 .bss           0x00000000        0x0 src\MCAL\DMA\DMA_program.o
 .text.DMA_ChennelInterruptDisable
                0x00000000       0x1e src\MCAL\DMA\DMA_program.o
 .debug_macro   0x00000000      0x8aa src\MCAL\DMA\DMA_program.o
 .debug_macro   0x00000000       0x46 src\MCAL\DMA\DMA_program.o
 .debug_macro   0x00000000       0x2e src\MCAL\DMA\DMA_program.o
 .group         0x00000000        0x8 src\MCAL\Flash\Flash_program.o
 .group         0x00000000        0x8 src\MCAL\Flash\Flash_program.o
 .group         0x00000000        0x8 src\MCAL\Flash\Flash_program.o
 .group         0x00000000        0x8 src\MCAL\Flash\Flash_program.o
 .group         0x00000000        0x8 src\MCAL\Flash\Flash_program.o
 .text          0x00000000        0x0 src\MCAL\Flash\Flash_program.o
 .data          0x00000000        0x0 src\MCAL\Flash\Flash_program.o
 .bss           0x00000000        0x0 src\MCAL\Flash\Flash_program.o
 .text.Flash_WriteWord
                0x00000000       0x90 src\MCAL\Flash\Flash_program.o
 .text.Flash_EraseMass
                0x00000000       0x44 src\MCAL\Flash\Flash_program.o
 .debug_macro   0x00000000      0x8aa src\MCAL\Flash\Flash_program.o
 .debug_macro   0x00000000       0x46 src\MCAL\Flash\Flash_program.o
 .debug_macro   0x00000000       0x2e src\MCAL\Flash\Flash_program.o
 .debug_macro   0x00000000       0x28 src\MCAL\Flash\Flash_program.o
 .group         0x00000000        0x8 src\MCAL\GPIO\GPIO_program.o
 .group         0x00000000        0x8 src\MCAL\GPIO\GPIO_program.o
 .group         0x00000000        0x8 src\MCAL\GPIO\GPIO_program.o
 .group         0x00000000        0x8 src\MCAL\GPIO\GPIO_program.o
 .group         0x00000000        0x8 src\MCAL\GPIO\GPIO_program.o
 .group         0x00000000        0x8 src\MCAL\GPIO\GPIO_program.o
 .text          0x00000000        0x0 src\MCAL\GPIO\GPIO_program.o
 .data          0x00000000        0x0 src\MCAL\GPIO\GPIO_program.o
 .bss           0x00000000        0x0 src\MCAL\GPIO\GPIO_program.o
 .text.GPIO_SetPinValue
                0x00000000       0x6e src\MCAL\GPIO\GPIO_program.o
 .text.GPIO_WritePort
                0x00000000       0x2e src\MCAL\GPIO\GPIO_program.o
 .text.GPIO_GetPinValue
                0x00000000       0x22 src\MCAL\GPIO\GPIO_program.o
 .debug_macro   0x00000000      0x8aa src\MCAL\GPIO\GPIO_program.o
 .debug_macro   0x00000000       0x46 src\MCAL\GPIO\GPIO_program.o
 .debug_macro   0x00000000       0x2e src\MCAL\GPIO\GPIO_program.o
 .debug_macro   0x00000000       0xa6 src\MCAL\GPIO\GPIO_program.o
 .group         0x00000000        0x8 src\MCAL\NVIC\NVIC_program.o
 .group         0x00000000        0x8 src\MCAL\NVIC\NVIC_program.o
 .group         0x00000000        0x8 src\MCAL\NVIC\NVIC_program.o
 .group         0x00000000        0x8 src\MCAL\NVIC\NVIC_program.o
 .text          0x00000000        0x0 src\MCAL\NVIC\NVIC_program.o
 .data          0x00000000        0x0 src\MCAL\NVIC\NVIC_program.o
 .bss           0x00000000        0x0 src\MCAL\NVIC\NVIC_program.o
 .text.NVIC_GetPendingIRQ
                0x00000000       0x3c src\MCAL\NVIC\NVIC_program.o
 .text.NVIC_SetPendingIRQ
                0x00000000       0x30 src\MCAL\NVIC\NVIC_program.o
 .text.NVIC_ClearPendingIRQ
                0x00000000       0x30 src\MCAL\NVIC\NVIC_program.o
 .text.NVIC_GetActive
                0x00000000       0x3c src\MCAL\NVIC\NVIC_program.o
 .text.NVIC_SetDevicePriority
                0x00000000       0x30 src\MCAL\NVIC\NVIC_program.o
 .text.NVIC_GetDevicePriority
                0x00000000       0x34 src\MCAL\NVIC\NVIC_program.o
 .debug_macro   0x00000000      0x8aa src\MCAL\NVIC\NVIC_program.o
 .debug_macro   0x00000000       0x46 src\MCAL\NVIC\NVIC_program.o
 .debug_macro   0x00000000       0x2e src\MCAL\NVIC\NVIC_program.o
 .group         0x00000000        0x8 src\MCAL\RCC\RCC_program.o
 .group         0x00000000        0x8 src\MCAL\RCC\RCC_program.o
 .group         0x00000000        0x8 src\MCAL\RCC\RCC_program.o
 .group         0x00000000        0x8 src\MCAL\RCC\RCC_program.o
 .text          0x00000000        0x0 src\MCAL\RCC\RCC_program.o
 .data          0x00000000        0x0 src\MCAL\RCC\RCC_program.o
 .bss           0x00000000        0x0 src\MCAL\RCC\RCC_program.o
 .data.AHBPrescTable
                0x00000000       0x10 src\MCAL\RCC\RCC_program.o
 .text.RCC_GetSystemCoreClock
                0x00000000       0xc8 src\MCAL\RCC\RCC_program.o
 .text.RCC_EnableGPIOB
                0x00000000       0x1c src\MCAL\RCC\RCC_program.o
 .text.RCC_ResetGPIOB
                0x00000000       0x24 src\MCAL\RCC\RCC_program.o
 .text.RCC_DisableGPIOB
                0x00000000       0x1c src\MCAL\RCC\RCC_program.o
 .text.RCC_EnableGPIOC
                0x00000000       0x1c src\MCAL\RCC\RCC_program.o
 .text.RCC_ResetGPIOC
                0x00000000       0x24 src\MCAL\RCC\RCC_program.o
 .text.RCC_DisableGPIOC
                0x00000000       0x1c src\MCAL\RCC\RCC_program.o
 .debug_macro   0x00000000      0x8aa src\MCAL\RCC\RCC_program.o
 .debug_macro   0x00000000       0x46 src\MCAL\RCC\RCC_program.o
 .debug_macro   0x00000000       0x2e src\MCAL\RCC\RCC_program.o
 .group         0x00000000        0x8 src\MCAL\SCB\SCB_program.o
 .group         0x00000000        0x8 src\MCAL\SCB\SCB_program.o
 .group         0x00000000        0x8 src\MCAL\SCB\SCB_program.o
 .group         0x00000000        0x8 src\MCAL\SCB\SCB_program.o
 .text          0x00000000        0x0 src\MCAL\SCB\SCB_program.o
 .data          0x00000000        0x0 src\MCAL\SCB\SCB_program.o
 .bss           0x00000000        0x0 src\MCAL\SCB\SCB_program.o
 .text.SCB_SetNVICPriorityGrouping
                0x00000000       0x48 src\MCAL\SCB\SCB_program.o
 .text.SCB_SetSystemPriority
                0x00000000       0x34 src\MCAL\SCB\SCB_program.o
 .text.SCB_GetSystemPriority
                0x00000000       0x38 src\MCAL\SCB\SCB_program.o
 .debug_macro   0x00000000      0x8aa src\MCAL\SCB\SCB_program.o
 .debug_macro   0x00000000       0x46 src\MCAL\SCB\SCB_program.o
 .debug_macro   0x00000000       0x2e src\MCAL\SCB\SCB_program.o
 .group         0x00000000        0x8 src\MCAL\UART\UART_program.o
 .group         0x00000000        0x8 src\MCAL\UART\UART_program.o
 .group         0x00000000        0x8 src\MCAL\UART\UART_program.o
 .group         0x00000000        0x8 src\MCAL\UART\UART_program.o
 .group         0x00000000        0x8 src\MCAL\UART\UART_program.o
 .group         0x00000000        0x8 src\MCAL\UART\UART_program.o
 .text          0x00000000        0x0 src\MCAL\UART\UART_program.o
 .data          0x00000000        0x0 src\MCAL\UART\UART_program.o
 .bss           0x00000000        0x0 src\MCAL\UART\UART_program.o
 .text.UART_Disable
                0x00000000       0x40 src\MCAL\UART\UART_program.o
 .text.UART_SendByte
                0x00000000       0x30 src\MCAL\UART\UART_program.o
 .text.UART_WriteToBuffer
                0x00000000       0x20 src\MCAL\UART\UART_program.o
 .text.UART_ReceiveByte
                0x00000000       0x28 src\MCAL\UART\UART_program.o
 .text.UART_ReadBuffer
                0x00000000       0x18 src\MCAL\UART\UART_program.o
 .text.UART_SendData
                0x00000000       0x2e src\MCAL\UART\UART_program.o
 .text.UART_ReceiveData
                0x00000000       0x30 src\MCAL\UART\UART_program.o
 .debug_macro   0x00000000      0x8aa src\MCAL\UART\UART_program.o
 .debug_macro   0x00000000       0x46 src\MCAL\UART\UART_program.o
 .debug_macro   0x00000000       0x2e src\MCAL\UART\UART_program.o
 .debug_macro   0x00000000       0x1c src\MCAL\UART\UART_program.o
 COMMON         0x00000000        0x4 src\MCAL\UART\UART_program.o
 .group         0x00000000        0x8 src\Services\Init\Init.o
 .group         0x00000000        0x8 src\Services\Init\Init.o
 .group         0x00000000        0x8 src\Services\Init\Init.o
 .group         0x00000000        0x8 src\Services\Init\Init.o
 .group         0x00000000        0x8 src\Services\Init\Init.o
 .text          0x00000000        0x0 src\Services\Init\Init.o
 .data          0x00000000        0x0 src\Services\Init\Init.o
 .bss           0x00000000        0x0 src\Services\Init\Init.o
 .debug_macro   0x00000000      0x8aa src\Services\Init\Init.o
 .debug_macro   0x00000000       0x46 src\Services\Init\Init.o
 .debug_macro   0x00000000       0x2e src\Services\Init\Init.o
 .debug_macro   0x00000000       0x28 src\Services\Init\Init.o
 .group         0x00000000        0x8 src\Services\MTP\MTP.o
 .group         0x00000000        0x8 src\Services\MTP\MTP.o
 .group         0x00000000        0x8 src\Services\MTP\MTP.o
 .group         0x00000000        0x8 src\Services\MTP\MTP.o
 .group         0x00000000        0x8 src\Services\MTP\MTP.o
 .group         0x00000000        0x8 src\Services\MTP\MTP.o
 .group         0x00000000        0x8 src\Services\MTP\MTP.o
 .group         0x00000000        0x8 src\Services\MTP\MTP.o
 .text          0x00000000        0x0 src\Services\MTP\MTP.o
 .data          0x00000000        0x0 src\Services\MTP\MTP.o
 .bss           0x00000000        0x0 src\Services\MTP\MTP.o
 .debug_macro   0x00000000      0x8aa src\Services\MTP\MTP.o
 .debug_macro   0x00000000       0x46 src\Services\MTP\MTP.o
 .debug_macro   0x00000000       0x2e src\Services\MTP\MTP.o
 .debug_macro   0x00000000       0x1c src\Services\MTP\MTP.o
 .debug_macro   0x00000000       0xa6 src\Services\MTP\MTP.o
 .debug_macro   0x00000000       0x70 src\Services\MTP\MTP.o
 .text          0x00000000        0x0 d:/prog_files/truestudio for stm32 9.3.0/armtools/bin/../lib/gcc/arm-atollic-eabi/6.3.1/../../../../arm-atollic-eabi/lib/armv7-m\libc_nano.a(lib_a-init.o)
 .data          0x00000000        0x0 d:/prog_files/truestudio for stm32 9.3.0/armtools/bin/../lib/gcc/arm-atollic-eabi/6.3.1/../../../../arm-atollic-eabi/lib/armv7-m\libc_nano.a(lib_a-init.o)
 .bss           0x00000000        0x0 d:/prog_files/truestudio for stm32 9.3.0/armtools/bin/../lib/gcc/arm-atollic-eabi/6.3.1/../../../../arm-atollic-eabi/lib/armv7-m\libc_nano.a(lib_a-init.o)
 .text          0x00000000        0x0 d:/prog_files/truestudio for stm32 9.3.0/armtools/bin/../lib/gcc/arm-atollic-eabi/6.3.1/armv7-m/crtend.o
 .data          0x00000000        0x0 d:/prog_files/truestudio for stm32 9.3.0/armtools/bin/../lib/gcc/arm-atollic-eabi/6.3.1/armv7-m/crtend.o
 .bss           0x00000000        0x0 d:/prog_files/truestudio for stm32 9.3.0/armtools/bin/../lib/gcc/arm-atollic-eabi/6.3.1/armv7-m/crtend.o
 .eh_frame      0x00000000        0x4 d:/prog_files/truestudio for stm32 9.3.0/armtools/bin/../lib/gcc/arm-atollic-eabi/6.3.1/armv7-m/crtend.o
 .ARM.attributes
                0x00000000       0x2d d:/prog_files/truestudio for stm32 9.3.0/armtools/bin/../lib/gcc/arm-atollic-eabi/6.3.1/armv7-m/crtend.o
 .text          0x00000000        0x0 d:/prog_files/truestudio for stm32 9.3.0/armtools/bin/../lib/gcc/arm-atollic-eabi/6.3.1/armv7-m/crtn.o
 .data          0x00000000        0x0 d:/prog_files/truestudio for stm32 9.3.0/armtools/bin/../lib/gcc/arm-atollic-eabi/6.3.1/armv7-m/crtn.o
 .bss           0x00000000        0x0 d:/prog_files/truestudio for stm32 9.3.0/armtools/bin/../lib/gcc/arm-atollic-eabi/6.3.1/armv7-m/crtn.o

Memory Configuration

Name             Origin             Length             Attributes
FLASH            0x08000000         0x00010000         xr
RAM              0x20000000         0x00005000         xrw
MEMORY_B1        0x60000000         0x00000000         xr
*default*        0x00000000         0xffffffff

Linker script and memory map

LOAD d:/prog_files/truestudio for stm32 9.3.0/armtools/bin/../lib/gcc/arm-atollic-eabi/6.3.1/armv7-m/crti.o
LOAD d:/prog_files/truestudio for stm32 9.3.0/armtools/bin/../lib/gcc/arm-atollic-eabi/6.3.1/armv7-m/crtbegin.o
LOAD System\startup_stm32f10x.o
LOAD System\stm32f1xx_it.o
LOAD src\APP\BootloaderProcess.o
LOAD src\APP\main.o
LOAD src\HAL\Interrupts\Interrupts_program.o
LOAD src\MCAL\Core\Core_program.o
LOAD src\MCAL\DMA\DMA_program.o
LOAD src\MCAL\Flash\Flash_program.o
LOAD src\MCAL\GPIO\GPIO_program.o
LOAD src\MCAL\NVIC\NVIC_program.o
LOAD src\MCAL\RCC\RCC_program.o
LOAD src\MCAL\SCB\SCB_program.o
LOAD src\MCAL\UART\UART_program.o
LOAD src\Services\Init\Init.o
LOAD src\Services\MTP\MTP.o
                0x00000080                malloc_getpagesize_P = 0x80
START GROUP
LOAD d:/prog_files/truestudio for stm32 9.3.0/armtools/bin/../lib/gcc/arm-atollic-eabi/6.3.1/../../../../arm-atollic-eabi/lib/armv7-m\libc_nano.a
LOAD d:/prog_files/truestudio for stm32 9.3.0/armtools/bin/../lib/gcc/arm-atollic-eabi/6.3.1/../../../../arm-atollic-eabi/lib/armv7-m\libm.a
END GROUP
START GROUP
LOAD d:/prog_files/truestudio for stm32 9.3.0/armtools/bin/../lib/gcc/arm-atollic-eabi/6.3.1/armv7-m\libgcc.a
LOAD d:/prog_files/truestudio for stm32 9.3.0/armtools/bin/../lib/gcc/arm-atollic-eabi/6.3.1/../../../../arm-atollic-eabi/lib/armv7-m\libc_nano.a
END GROUP
START GROUP
LOAD d:/prog_files/truestudio for stm32 9.3.0/armtools/bin/../lib/gcc/arm-atollic-eabi/6.3.1/armv7-m\libgcc.a
LOAD d:/prog_files/truestudio for stm32 9.3.0/armtools/bin/../lib/gcc/arm-atollic-eabi/6.3.1/../../../../arm-atollic-eabi/lib/armv7-m\libc_nano.a
LOAD d:/prog_files/truestudio for stm32 9.3.0/armtools/bin/../lib/gcc/arm-atollic-eabi/6.3.1/../../../../arm-atollic-eabi/lib/armv7-m\libnosys.a
END GROUP
START GROUP
LOAD d:/prog_files/truestudio for stm32 9.3.0/armtools/bin/../lib/gcc/arm-atollic-eabi/6.3.1/armv7-m\libgcc.a
LOAD d:/prog_files/truestudio for stm32 9.3.0/armtools/bin/../lib/gcc/arm-atollic-eabi/6.3.1/../../../../arm-atollic-eabi/lib/armv7-m\libc_nano.a
LOAD d:/prog_files/truestudio for stm32 9.3.0/armtools/bin/../lib/gcc/arm-atollic-eabi/6.3.1/../../../../arm-atollic-eabi/lib/armv7-m\libnosys.a
END GROUP
LOAD d:/prog_files/truestudio for stm32 9.3.0/armtools/bin/../lib/gcc/arm-atollic-eabi/6.3.1/armv7-m/crtend.o
LOAD d:/prog_files/truestudio for stm32 9.3.0/armtools/bin/../lib/gcc/arm-atollic-eabi/6.3.1/armv7-m/crtn.o
                0x20005000                _estack = 0x20005000
                0x00000000                _Min_Heap_Size = 0x0
                0x00000100                _Min_Stack_Size = 0x100

.BufferSection  0x20000000     0x2800
 *(.myBufSection)
 .BufferSection
                0x20000000     0x2800 src\APP\BootloaderProcess.o
                0x20000000                buffer

.isr_vector     0x08000000      0x10c
                0x08000000                . = ALIGN (0x4)
 *(.isr_vector)
 .isr_vector    0x08000000      0x10c System\startup_stm32f10x.o
                0x08000000                g_pfnVectors
                0x0800010c                . = ALIGN (0x4)

.text           0x0800010c      0xf64
                0x0800010c                . = ALIGN (0x4)
 *(.text)
 .text          0x0800010c       0x40 d:/prog_files/truestudio for stm32 9.3.0/armtools/bin/../lib/gcc/arm-atollic-eabi/6.3.1/armv7-m/crtbegin.o
 *(.text*)
 .text.Reset_Handler
                0x0800014c       0x50 System\startup_stm32f10x.o
                0x0800014c                Reset_Handler
 .text.Default_Handler
                0x0800019c        0x2 System\startup_stm32f10x.o
                0x0800019c                EXTI2_IRQHandler
                0x0800019c                TIM1_CC_IRQHandler
                0x0800019c                PVD_IRQHandler
                0x0800019c                EXTI3_IRQHandler
                0x0800019c                EXTI0_IRQHandler
                0x0800019c                I2C2_EV_IRQHandler
                0x0800019c                ADC1_2_IRQHandler
                0x0800019c                SPI1_IRQHandler
                0x0800019c                TAMPER_IRQHandler
                0x0800019c                USART3_IRQHandler
                0x0800019c                RTC_IRQHandler
                0x0800019c                DMA1_Channel7_IRQHandler
                0x0800019c                CAN1_RX1_IRQHandler
                0x0800019c                TIM4_IRQHandler
                0x0800019c                I2C1_EV_IRQHandler
                0x0800019c                DMA1_Channel6_IRQHandler
                0x0800019c                TIM3_IRQHandler
                0x0800019c                RCC_IRQHandler
                0x0800019c                TIM1_TRG_COM_IRQHandler
                0x0800019c                DMA1_Channel1_IRQHandler
                0x0800019c                Default_Handler
                0x0800019c                EXTI15_10_IRQHandler
                0x0800019c                EXTI9_5_IRQHandler
                0x0800019c                SPI2_IRQHandler
                0x0800019c                EXTI4_IRQHandler
                0x0800019c                USB_LP_CAN1_RX0_IRQHandler
                0x0800019c                USB_HP_CAN1_TX_IRQHandler
                0x0800019c                DMA1_Channel3_IRQHandler
                0x0800019c                TIM1_UP_IRQHandler
                0x0800019c                WWDG_IRQHandler
                0x0800019c                TIM2_IRQHandler
                0x0800019c                TIM1_BRK_IRQHandler
                0x0800019c                EXTI1_IRQHandler
                0x0800019c                RTCAlarm_IRQHandler
                0x0800019c                USART2_IRQHandler
                0x0800019c                I2C2_ER_IRQHandler
                0x0800019c                DMA1_Channel2_IRQHandler
                0x0800019c                CAN1_SCE_IRQHandler
                0x0800019c                FLASH_IRQHandler
                0x0800019c                USART1_IRQHandler
                0x0800019c                I2C1_ER_IRQHandler
                0x0800019c                USBWakeUp_IRQHandler
 .text.NMI_Handler
                0x0800019e        0xc System\stm32f1xx_it.o
                0x0800019e                NMI_Handler
 .text.HardFault_Handler
                0x080001aa        0x6 System\stm32f1xx_it.o
                0x080001aa                HardFault_Handler
 .text.MemManage_Handler
                0x080001b0        0x6 System\stm32f1xx_it.o
                0x080001b0                MemManage_Handler
 .text.BusFault_Handler
                0x080001b6        0x6 System\stm32f1xx_it.o
                0x080001b6                BusFault_Handler
 .text.UsageFault_Handler
                0x080001bc        0x6 System\stm32f1xx_it.o
                0x080001bc                UsageFault_Handler
 .text.SVC_Handler
                0x080001c2        0xc System\stm32f1xx_it.o
                0x080001c2                SVC_Handler
 .text.DebugMon_Handler
                0x080001ce        0xc System\stm32f1xx_it.o
                0x080001ce                DebugMon_Handler
 .text.PendSV_Handler
                0x080001da        0xc System\stm32f1xx_it.o
                0x080001da                PendSV_Handler
 .text.SysTick_Handler
                0x080001e6        0xc System\stm32f1xx_it.o
                0x080001e6                SysTick_Handler
 .text.__enable_irq
                0x080001f2        0xe src\APP\BootloaderProcess.o
 .text.__disable_irq
                0x08000200        0xe src\APP\BootloaderProcess.o
 *fill*         0x0800020e        0x2 
 .text.Bootloader_Main
                0x08000210       0x48 src\APP\BootloaderProcess.o
                0x08000210                Bootloader_Main
 .text.Command_Process
                0x08000258      0x178 src\APP\BootloaderProcess.o
 .text.HardwareReset
                0x080003d0       0x32 src\APP\BootloaderProcess.o
 .text.JumpToApp
                0x08000402        0x8 src\APP\BootloaderProcess.o
 .text.main     0x0800040a        0xe src\APP\main.o
                0x0800040a                main
 .text.Interrupts_EnableIRQ
                0x08000418       0x16 src\HAL\Interrupts\Interrupts_program.o
                0x08000418                Interrupts_EnableIRQ
 .text.Interrupts_DisableIRQ
                0x0800042e       0x16 src\HAL\Interrupts\Interrupts_program.o
                0x0800042e                Interrupts_DisableIRQ
 .text.DMA_ChannelInit
                0x08000444       0x1e src\MCAL\DMA\DMA_program.o
                0x08000444                DMA_ChannelInit
 .text.DMA_ChennelEnable
                0x08000462       0x1e src\MCAL\DMA\DMA_program.o
                0x08000462                DMA_ChennelEnable
 .text.DMA_ChennelDisable
                0x08000480       0x1e src\MCAL\DMA\DMA_program.o
                0x08000480                DMA_ChennelDisable
 .text.DMA_ChennelNumberOfData
                0x0800049e       0x1c src\MCAL\DMA\DMA_program.o
                0x0800049e                DMA_ChennelNumberOfData
 .text.DMA_ChennelMemAddress
                0x080004ba       0x1a src\MCAL\DMA\DMA_program.o
                0x080004ba                DMA_ChennelMemAddress
 .text.DMA_ChennelPeriphAddress
                0x080004d4       0x1a src\MCAL\DMA\DMA_program.o
                0x080004d4                DMA_ChennelPeriphAddress
 .text.DMA_ChennelInterruptEnable
                0x080004ee       0x1e src\MCAL\DMA\DMA_program.o
                0x080004ee                DMA_ChennelInterruptEnable
 .text.DMA_InterruptFlagClear
                0x0800050c       0x28 src\MCAL\DMA\DMA_program.o
                0x0800050c                DMA_InterruptFlagClear
 .text.Flash_WriteData
                0x08000534       0xa8 src\MCAL\Flash\Flash_program.o
                0x08000534                Flash_WriteData
 .text.Flash_ErasePage
                0x080005dc       0x84 src\MCAL\Flash\Flash_program.o
                0x080005dc                Flash_ErasePage
 .text.Flash_Lock
                0x08000660       0x38 src\MCAL\Flash\Flash_program.o
                0x08000660                Flash_Lock
 .text.Flash_Unlock
                0x08000698       0x40 src\MCAL\Flash\Flash_program.o
                0x08000698                Flash_Unlock
 .text.Flash_EnablePrefetchBuffer
                0x080006d8       0x1c src\MCAL\Flash\Flash_program.o
                0x080006d8                Flash_EnablePrefetchBuffer
 .text.Flash_SetLatency
                0x080006f4       0x40 src\MCAL\Flash\Flash_program.o
                0x080006f4                Flash_SetLatency
 .text.GPIO_Init
                0x08000734       0xce src\MCAL\GPIO\GPIO_program.o
                0x08000734                GPIO_Init
 *fill*         0x08000802        0x2 
 .text.NVIC_EnableIRQ
                0x08000804       0x2c src\MCAL\NVIC\NVIC_program.o
                0x08000804                NVIC_EnableIRQ
 .text.NVIC_DisableIRQ
                0x08000830       0x30 src\MCAL\NVIC\NVIC_program.o
                0x08000830                NVIC_DisableIRQ
 .text.RCCSystemInit
                0x08000860       0x6c src\MCAL\RCC\RCC_program.o
                0x08000860                RCCSystemInit
 .text.RCC_StartHSE
                0x080008cc       0x58 src\MCAL\RCC\RCC_program.o
                0x080008cc                RCC_StartHSE
 .text.RCC_SetSystemClock72MHz
                0x08000924       0x84 src\MCAL\RCC\RCC_program.o
                0x08000924                RCC_SetSystemClock72MHz
 .text.RCC_EnableGPIOA
                0x080009a8       0x1c src\MCAL\RCC\RCC_program.o
                0x080009a8                RCC_EnableGPIOA
 .text.RCC_ResetGPIOA
                0x080009c4       0x24 src\MCAL\RCC\RCC_program.o
                0x080009c4                RCC_ResetGPIOA
 .text.RCC_DisableGPIOA
                0x080009e8       0x1c src\MCAL\RCC\RCC_program.o
                0x080009e8                RCC_DisableGPIOA
 .text.RCC_EnableUART
                0x08000a04       0x1c src\MCAL\RCC\RCC_program.o
                0x08000a04                RCC_EnableUART
 .text.RCC_ResetUART
                0x08000a20       0x24 src\MCAL\RCC\RCC_program.o
                0x08000a20                RCC_ResetUART
 .text.RCC_DisableUART
                0x08000a44       0x1c src\MCAL\RCC\RCC_program.o
                0x08000a44                RCC_DisableUART
 .text.RCC_EnableDMA
                0x08000a60       0x1c src\MCAL\RCC\RCC_program.o
                0x08000a60                RCC_EnableDMA
 .text.RCC_DisableDMA
                0x08000a7c       0x1c src\MCAL\RCC\RCC_program.o
                0x08000a7c                RCC_DisableDMA
 .text.SCB_SetVectorTableOffset
                0x08000a98       0x24 src\MCAL\SCB\SCB_program.o
                0x08000a98                SCB_SetVectorTableOffset
 .text.UART_Init
                0x08000abc       0x7c src\MCAL\UART\UART_program.o
                0x08000abc                UART_Init
 .text.UART_Enable
                0x08000b38       0x40 src\MCAL\UART\UART_program.o
                0x08000b38                UART_Enable
 .text.SystemInit
                0x08000b78       0x18 src\Services\Init\Init.o
                0x08000b78                SystemInit
 .text.SetSysClockTo72
                0x08000b90       0x30 src\Services\Init\Init.o
 .text.MTP_Init
                0x08000bc0       0xa0 src\Services\MTP\MTP.o
                0x08000bc0                MTP_Init
 .text.MTP_ReceiveData
                0x08000c60      0x23c src\Services\MTP\MTP.o
                0x08000c60                MTP_ReceiveData
 .text.MTP_SendData
                0x08000e9c       0xcc src\Services\MTP\MTP.o
                0x08000e9c                MTP_SendData
 .text.MTP_CalculateChecksum
                0x08000f68       0x76 src\Services\MTP\MTP.o
                0x08000f68                MTP_CalculateChecksum
 *fill*         0x08000fde        0x2 
 .text.DMA1_Channel4_IRQHandler
                0x08000fe0       0x18 src\Services\MTP\MTP.o
                0x08000fe0                DMA1_Channel4_IRQHandler
 .text.DMA1_Channel5_IRQHandler
                0x08000ff8       0x18 src\Services\MTP\MTP.o
                0x08000ff8                DMA1_Channel5_IRQHandler
 .text.__libc_init_array
                0x08001010       0x48 d:/prog_files/truestudio for stm32 9.3.0/armtools/bin/../lib/gcc/arm-atollic-eabi/6.3.1/../../../../arm-atollic-eabi/lib/armv7-m\libc_nano.a(lib_a-init.o)
                0x08001010                __libc_init_array
 *(.glue_7)
 .glue_7        0x08001058        0x0 linker stubs
 *(.glue_7t)
 .glue_7t       0x08001058        0x0 linker stubs
 *(.eh_frame)
 .eh_frame      0x08001058        0x0 d:/prog_files/truestudio for stm32 9.3.0/armtools/bin/../lib/gcc/arm-atollic-eabi/6.3.1/armv7-m/crtbegin.o
 *(.init)
 .init          0x08001058        0x4 d:/prog_files/truestudio for stm32 9.3.0/armtools/bin/../lib/gcc/arm-atollic-eabi/6.3.1/armv7-m/crti.o
                0x08001058                _init
 .init          0x0800105c        0x8 d:/prog_files/truestudio for stm32 9.3.0/armtools/bin/../lib/gcc/arm-atollic-eabi/6.3.1/armv7-m/crtn.o
 *(.fini)
 .fini          0x08001064        0x4 d:/prog_files/truestudio for stm32 9.3.0/armtools/bin/../lib/gcc/arm-atollic-eabi/6.3.1/armv7-m/crti.o
                0x08001064                _fini
 .fini          0x08001068        0x8 d:/prog_files/truestudio for stm32 9.3.0/armtools/bin/../lib/gcc/arm-atollic-eabi/6.3.1/armv7-m/crtn.o
                0x08001070                . = ALIGN (0x4)
                0x08001070                _etext = .

.vfp11_veneer   0x08001070        0x0
 .vfp11_veneer  0x08001070        0x0 linker stubs

.v4_bx          0x08001070        0x0
 .v4_bx         0x08001070        0x0 linker stubs

.iplt           0x08001070        0x0
 .iplt          0x08001070        0x0 d:/prog_files/truestudio for stm32 9.3.0/armtools/bin/../lib/gcc/arm-atollic-eabi/6.3.1/armv7-m/crtbegin.o

.rel.dyn        0x08001070        0x0
 .rel.iplt      0x08001070        0x0 d:/prog_files/truestudio for stm32 9.3.0/armtools/bin/../lib/gcc/arm-atollic-eabi/6.3.1/armv7-m/crtbegin.o

.rodata         0x08001070        0x0
                0x08001070                . = ALIGN (0x4)
 *(.rodata)
 *(.rodata*)
                0x08001070                . = ALIGN (0x4)

.ARM.extab
 *(.ARM.extab* .gnu.linkonce.armextab.*)

.ARM            0x08001070        0x0
                0x08001070                __exidx_start = .
 *(.ARM.exidx*)
                0x08001070                __exidx_end = .

.preinit_array  0x08001070        0x0
                0x08001070                PROVIDE (__preinit_array_start, .)
 *(.preinit_array*)
                0x08001070                PROVIDE (__preinit_array_end, .)

.init_array     0x08001070        0x4
                0x08001070                PROVIDE (__init_array_start, .)
 *(SORT(.init_array.*))
 *(.init_array*)
 .init_array    0x08001070        0x4 d:/prog_files/truestudio for stm32 9.3.0/armtools/bin/../lib/gcc/arm-atollic-eabi/6.3.1/armv7-m/crtbegin.o
                0x08001074                PROVIDE (__init_array_end, .)

.fini_array     0x08001074        0x4
                [!provide]                PROVIDE (__fini_array_start, .)
 *(SORT(.fini_array.*))
 *(.fini_array*)
 .fini_array    0x08001074        0x4 d:/prog_files/truestudio for stm32 9.3.0/armtools/bin/../lib/gcc/arm-atollic-eabi/6.3.1/armv7-m/crtbegin.o
                [!provide]                PROVIDE (__fini_array_end, .)
                0x08001078                _sidata = LOADADDR (.data)

.data           0x20002800       0x20 load address 0x08001078
                0x20002800                . = ALIGN (0x4)
                0x20002800                _sdata = .
 *(.data)
 *(.data*)
 .data.UARTPins
                0x20002800       0x18 src\Services\MTP\MTP.o
                0x20002800                UARTPins
 .data.RxChennel
                0x20002818        0x4 src\Services\MTP\MTP.o
                0x20002818                RxChennel
 .data.TxChennel
                0x2000281c        0x4 src\Services\MTP\MTP.o
                0x2000281c                TxChennel
                0x20002820                . = ALIGN (0x4)
                0x20002820                _edata = .

.igot.plt       0x20002820        0x0 load address 0x08001098
 .igot.plt      0x20002820        0x0 d:/prog_files/truestudio for stm32 9.3.0/armtools/bin/../lib/gcc/arm-atollic-eabi/6.3.1/armv7-m/crtbegin.o
                0x20002820                . = ALIGN (0x4)

.bss            0x20002820       0x44 load address 0x08001098
                0x20002820                _sbss = .
                0x20002820                __bss_start__ = _sbss
 *(.bss)
 .bss           0x20002820       0x1c d:/prog_files/truestudio for stm32 9.3.0/armtools/bin/../lib/gcc/arm-atollic-eabi/6.3.1/armv7-m/crtbegin.o
 *(.bss*)
 .bss.RxDMAState
                0x2000283c        0x1 src\Services\MTP\MTP.o
                0x2000283c                RxDMAState
 .bss.TxDMAState
                0x2000283d        0x1 src\Services\MTP\MTP.o
                0x2000283d                TxDMAState
 .bss.ProcessState.4372
                0x2000283e        0x1 src\Services\MTP\MTP.o
 .bss.ProcessState.4397
                0x2000283f        0x1 src\Services\MTP\MTP.o
 *(COMMON)
 COMMON         0x20002840        0xd src\APP\BootloaderProcess.o
                0x20002840                msg
                0x2000284c                CMD
 *fill*         0x2000284d        0x3 
 COMMON         0x20002850       0x14 src\Services\MTP\MTP.o
                0x20002850                transimissinBuffer
                0x20002864                . = ALIGN (0x4)
                0x20002864                _ebss = .
                0x20002864                __bss_end__ = _ebss

._user_heap_stack
                0x20002864      0x100 load address 0x08001098
                0x20002864                . = ALIGN (0x4)
                [!provide]                PROVIDE (end, .)
                [!provide]                PROVIDE (_end, .)
                0x20002864                . = (. + _Min_Heap_Size)
                0x20002964                . = (. + _Min_Stack_Size)
 *fill*         0x20002864      0x100 
                0x20002964                . = ALIGN (0x4)

.memory_b1_text
 *(.mb1text)
 *(.mb1text*)
 *(.mb1rodata)
 *(.mb1rodata*)

/DISCARD/
 libc.a(*)
 libm.a(*)
 libgcc.a(*)

.ARM.attributes
                0x00000000       0x29
 *(.ARM.attributes)
 .ARM.attributes
                0x00000000       0x1d d:/prog_files/truestudio for stm32 9.3.0/armtools/bin/../lib/gcc/arm-atollic-eabi/6.3.1/armv7-m/crti.o
 .ARM.attributes
                0x0000001d       0x2d d:/prog_files/truestudio for stm32 9.3.0/armtools/bin/../lib/gcc/arm-atollic-eabi/6.3.1/armv7-m/crtbegin.o
 .ARM.attributes
                0x0000004a       0x21 System\startup_stm32f10x.o
 .ARM.attributes
                0x0000006b       0x33 System\stm32f1xx_it.o
 .ARM.attributes
                0x0000009e       0x33 src\APP\BootloaderProcess.o
 .ARM.attributes
                0x000000d1       0x33 src\APP\main.o
 .ARM.attributes
                0x00000104       0x33 src\HAL\Interrupts\Interrupts_program.o
 .ARM.attributes
                0x00000137       0x33 src\MCAL\DMA\DMA_program.o
 .ARM.attributes
                0x0000016a       0x33 src\MCAL\Flash\Flash_program.o
 .ARM.attributes
                0x0000019d       0x33 src\MCAL\GPIO\GPIO_program.o
 .ARM.attributes
                0x000001d0       0x33 src\MCAL\NVIC\NVIC_program.o
 .ARM.attributes
                0x00000203       0x33 src\MCAL\RCC\RCC_program.o
 .ARM.attributes
                0x00000236       0x33 src\MCAL\SCB\SCB_program.o
 .ARM.attributes
                0x00000269       0x33 src\MCAL\UART\UART_program.o
 .ARM.attributes
                0x0000029c       0x33 src\Services\Init\Init.o
 .ARM.attributes
                0x000002cf       0x33 src\Services\MTP\MTP.o
 .ARM.attributes
                0x00000302       0x2d d:/prog_files/truestudio for stm32 9.3.0/armtools/bin/../lib/gcc/arm-atollic-eabi/6.3.1/../../../../arm-atollic-eabi/lib/armv7-m\libc_nano.a(lib_a-init.o)
 .ARM.attributes
                0x0000032f       0x1d d:/prog_files/truestudio for stm32 9.3.0/armtools/bin/../lib/gcc/arm-atollic-eabi/6.3.1/armv7-m/crtn.o
OUTPUT(BOOTLOADER_STM32.elf elf32-littlearm)

.debug_line     0x00000000     0x1d84
 .debug_line    0x00000000       0x7c System\startup_stm32f10x.o
 .debug_line    0x0000007c      0x145 System\stm32f1xx_it.o
 .debug_line    0x000001c1      0x4a1 src\APP\BootloaderProcess.o
 .debug_line    0x00000662      0x2be src\APP\main.o
 .debug_line    0x00000920      0x27a src\HAL\Interrupts\Interrupts_program.o
 .debug_line    0x00000b9a      0x174 src\MCAL\DMA\DMA_program.o
 .debug_line    0x00000d0e      0x1f5 src\MCAL\Flash\Flash_program.o
 .debug_line    0x00000f03      0x143 src\MCAL\GPIO\GPIO_program.o
 .debug_line    0x00001046      0x18c src\MCAL\NVIC\NVIC_program.o
 .debug_line    0x000011d2      0x277 src\MCAL\RCC\RCC_program.o
 .debug_line    0x00001449      0x12a src\MCAL\SCB\SCB_program.o
 .debug_line    0x00001573      0x1aa src\MCAL\UART\UART_program.o
 .debug_line    0x0000171d      0x208 src\Services\Init\Init.o
 .debug_line    0x00001925      0x45f src\Services\MTP\MTP.o

.debug_info     0x00000000     0x2171
 .debug_info    0x00000000       0x8d System\startup_stm32f10x.o
 .debug_info    0x0000008d       0xc3 System\stm32f1xx_it.o
 .debug_info    0x00000150      0x318 src\APP\BootloaderProcess.o
 .debug_info    0x00000468       0x8c src\APP\main.o
 .debug_info    0x000004f4      0x216 src\HAL\Interrupts\Interrupts_program.o
 .debug_info    0x0000070a      0x301 src\MCAL\DMA\DMA_program.o
 .debug_info    0x00000a0b      0x2c6 src\MCAL\Flash\Flash_program.o
 .debug_info    0x00000cd1      0x283 src\MCAL\GPIO\GPIO_program.o
 .debug_info    0x00000f54      0x2eb src\MCAL\NVIC\NVIC_program.o
 .debug_info    0x0000123f      0x343 src\MCAL\RCC\RCC_program.o
 .debug_info    0x00001582      0x2e3 src\MCAL\SCB\SCB_program.o
 .debug_info    0x00001865      0x280 src\MCAL\UART\UART_program.o
 .debug_info    0x00001ae5       0xe3 src\Services\Init\Init.o
 .debug_info    0x00001bc8      0x5a9 src\Services\MTP\MTP.o

.debug_abbrev   0x00000000      0xb9f
 .debug_abbrev  0x00000000       0x12 System\startup_stm32f10x.o
 .debug_abbrev  0x00000012       0x2f System\stm32f1xx_it.o
 .debug_abbrev  0x00000041      0x18d src\APP\BootloaderProcess.o
 .debug_abbrev  0x000001ce       0x47 src\APP\main.o
 .debug_abbrev  0x00000215       0x8c src\HAL\Interrupts\Interrupts_program.o
 .debug_abbrev  0x000002a1       0xcb src\MCAL\DMA\DMA_program.o
 .debug_abbrev  0x0000036c       0xf6 src\MCAL\Flash\Flash_program.o
 .debug_abbrev  0x00000462       0xe6 src\MCAL\GPIO\GPIO_program.o
 .debug_abbrev  0x00000548       0xf5 src\MCAL\NVIC\NVIC_program.o
 .debug_abbrev  0x0000063d      0x118 src\MCAL\RCC\RCC_program.o
 .debug_abbrev  0x00000755       0xf3 src\MCAL\SCB\SCB_program.o
 .debug_abbrev  0x00000848      0x11c src\MCAL\UART\UART_program.o
 .debug_abbrev  0x00000964       0xa3 src\Services\Init\Init.o
 .debug_abbrev  0x00000a07      0x198 src\Services\MTP\MTP.o

.debug_aranges  0x00000000      0x450
 .debug_aranges
                0x00000000       0x28 System\startup_stm32f10x.o
 .debug_aranges
                0x00000028       0x60 System\stm32f1xx_it.o
 .debug_aranges
                0x00000088       0x48 src\APP\BootloaderProcess.o
 .debug_aranges
                0x000000d0       0x20 src\APP\main.o
 .debug_aranges
                0x000000f0       0x68 src\HAL\Interrupts\Interrupts_program.o
 .debug_aranges
                0x00000158       0x60 src\MCAL\DMA\DMA_program.o
 .debug_aranges
                0x000001b8       0x58 src\MCAL\Flash\Flash_program.o
 .debug_aranges
                0x00000210       0x38 src\MCAL\GPIO\GPIO_program.o
 .debug_aranges
                0x00000248       0x58 src\MCAL\NVIC\NVIC_program.o
 .debug_aranges
                0x000002a0       0xa8 src\MCAL\RCC\RCC_program.o
 .debug_aranges
                0x00000348       0x38 src\MCAL\SCB\SCB_program.o
 .debug_aranges
                0x00000380       0x60 src\MCAL\UART\UART_program.o
 .debug_aranges
                0x000003e0       0x28 src\Services\Init\Init.o
 .debug_aranges
                0x00000408       0x48 src\Services\MTP\MTP.o

.debug_ranges   0x00000000      0x378
 .debug_ranges  0x00000000       0x20 System\startup_stm32f10x.o
 .debug_ranges  0x00000020       0x50 System\stm32f1xx_it.o
 .debug_ranges  0x00000070       0x38 src\APP\BootloaderProcess.o
 .debug_ranges  0x000000a8       0x10 src\APP\main.o
 .debug_ranges  0x000000b8       0x58 src\HAL\Interrupts\Interrupts_program.o
 .debug_ranges  0x00000110       0x50 src\MCAL\DMA\DMA_program.o
 .debug_ranges  0x00000160       0x48 src\MCAL\Flash\Flash_program.o
 .debug_ranges  0x000001a8       0x28 src\MCAL\GPIO\GPIO_program.o
 .debug_ranges  0x000001d0       0x48 src\MCAL\NVIC\NVIC_program.o
 .debug_ranges  0x00000218       0x98 src\MCAL\RCC\RCC_program.o
 .debug_ranges  0x000002b0       0x28 src\MCAL\SCB\SCB_program.o
 .debug_ranges  0x000002d8       0x50 src\MCAL\UART\UART_program.o
 .debug_ranges  0x00000328       0x18 src\Services\Init\Init.o
 .debug_ranges  0x00000340       0x38 src\Services\MTP\MTP.o

.debug_macro    0x00000000     0x189d
 .debug_macro   0x00000000       0x1b System\stm32f1xx_it.o
 .debug_macro   0x0000001b      0x8aa System\stm32f1xx_it.o
 .debug_macro   0x000008c5       0x7a src\APP\BootloaderProcess.o
 .debug_macro   0x0000093f       0x46 src\APP\BootloaderProcess.o
 .debug_macro   0x00000985       0x1c src\APP\BootloaderProcess.o
 .debug_macro   0x000009a1       0xa6 src\APP\BootloaderProcess.o
 .debug_macro   0x00000a47       0x28 src\APP\BootloaderProcess.o
 .debug_macro   0x00000a6f       0x52 src\APP\BootloaderProcess.o
 .debug_macro   0x00000ac1       0x5c src\APP\main.o
 .debug_macro   0x00000b1d       0x2e src\APP\main.o
 .debug_macro   0x00000b4b       0x55 src\HAL\Interrupts\Interrupts_program.o
 .debug_macro   0x00000ba0       0x3f src\MCAL\DMA\DMA_program.o
 .debug_macro   0x00000bdf      0x1e5 src\MCAL\DMA\DMA_program.o
 .debug_macro   0x00000dc4       0x70 src\MCAL\DMA\DMA_program.o
 .debug_macro   0x00000e34       0x3f src\MCAL\Flash\Flash_program.o
 .debug_macro   0x00000e73       0xac src\MCAL\Flash\Flash_program.o
 .debug_macro   0x00000f1f       0x3e src\MCAL\GPIO\GPIO_program.o
 .debug_macro   0x00000f5d       0x1c src\MCAL\GPIO\GPIO_program.o
 .debug_macro   0x00000f79       0x22 src\MCAL\GPIO\GPIO_program.o
 .debug_macro   0x00000f9b       0x40 src\MCAL\NVIC\NVIC_program.o
 .debug_macro   0x00000fdb       0x1c src\MCAL\NVIC\NVIC_program.o
 .debug_macro   0x00000ff7       0x40 src\MCAL\RCC\RCC_program.o
 .debug_macro   0x00001037      0x4f1 src\MCAL\RCC\RCC_program.o
 .debug_macro   0x00001528       0x40 src\MCAL\SCB\SCB_program.o
 .debug_macro   0x00001568       0x70 src\MCAL\SCB\SCB_program.o
 .debug_macro   0x000015d8       0x3e src\MCAL\UART\UART_program.o
 .debug_macro   0x00001616      0x142 src\MCAL\UART\UART_program.o
 .debug_macro   0x00001758       0x2e src\MCAL\UART\UART_program.o
 .debug_macro   0x00001786       0x49 src\Services\Init\Init.o
 .debug_macro   0x000017cf       0x16 src\Services\Init\Init.o
 .debug_macro   0x000017e5       0x6e src\Services\MTP\MTP.o
 .debug_macro   0x00001853       0x1c src\Services\MTP\MTP.o
 .debug_macro   0x0000186f       0x2e src\Services\MTP\MTP.o

.debug_str      0x00000000     0x73fb
 .debug_str     0x00000000     0x25e7 System\stm32f1xx_it.o
 .debug_str     0x000025e7      0x8a6 src\APP\BootloaderProcess.o
                               0x2e45 (size before relaxing)
 .debug_str     0x00002e8d      0x12f src\APP\main.o
                               0x2aa4 (size before relaxing)
 .debug_str     0x00002fbc      0x191 src\HAL\Interrupts\Interrupts_program.o
                               0x2920 (size before relaxing)
 .debug_str     0x0000314d      0xd9e src\MCAL\DMA\DMA_program.o
                               0x34f6 (size before relaxing)
 .debug_str     0x00003eeb      0x467 src\MCAL\Flash\Flash_program.o
                               0x2c7b (size before relaxing)
 .debug_str     0x00004352      0x191 src\MCAL\GPIO\GPIO_program.o
                               0x2af9 (size before relaxing)
 .debug_str     0x000044e3      0x1a3 src\MCAL\NVIC\NVIC_program.o
                               0x291e (size before relaxing)
 .debug_str     0x00004686     0x1cbe src\MCAL\RCC\RCC_program.o
                               0x4454 (size before relaxing)
 .debug_str     0x00006344      0x3cc src\MCAL\SCB\SCB_program.o
                               0x2b68 (size before relaxing)
 .debug_str     0x00006710      0x75c src\MCAL\UART\UART_program.o
                               0x2f2f (size before relaxing)
 .debug_str     0x00006e6c       0x7c src\Services\Init\Init.o
                               0x28bf (size before relaxing)
 .debug_str     0x00006ee8      0x513 src\Services\MTP\MTP.o
                               0x3490 (size before relaxing)

.comment        0x00000000       0x7c
 .comment       0x00000000       0x7c System\stm32f1xx_it.o
                                 0x7d (size before relaxing)
 .comment       0x0000007c       0x7d src\APP\BootloaderProcess.o
 .comment       0x0000007c       0x7d src\APP\main.o
 .comment       0x0000007c       0x7d src\HAL\Interrupts\Interrupts_program.o
 .comment       0x0000007c       0x7d src\MCAL\DMA\DMA_program.o
 .comment       0x0000007c       0x7d src\MCAL\Flash\Flash_program.o
 .comment       0x0000007c       0x7d src\MCAL\GPIO\GPIO_program.o
 .comment       0x0000007c       0x7d src\MCAL\NVIC\NVIC_program.o
 .comment       0x0000007c       0x7d src\MCAL\RCC\RCC_program.o
 .comment       0x0000007c       0x7d src\MCAL\SCB\SCB_program.o
 .comment       0x0000007c       0x7d src\MCAL\UART\UART_program.o
 .comment       0x0000007c       0x7d src\Services\Init\Init.o
 .comment       0x0000007c       0x7d src\Services\MTP\MTP.o

.debug_frame    0x00000000      0xde0
 .debug_frame   0x00000000      0x110 System\stm32f1xx_it.o
 .debug_frame   0x00000110       0xbc src\APP\BootloaderProcess.o
 .debug_frame   0x000001cc       0x2c src\APP\main.o
 .debug_frame   0x000001f8      0x178 src\HAL\Interrupts\Interrupts_program.o
 .debug_frame   0x00000370      0x178 src\MCAL\DMA\DMA_program.o
 .debug_frame   0x000004e8      0x140 src\MCAL\Flash\Flash_program.o
 .debug_frame   0x00000628       0xb0 src\MCAL\GPIO\GPIO_program.o
 .debug_frame   0x000006d8      0x150 src\MCAL\NVIC\NVIC_program.o
 .debug_frame   0x00000828      0x260 src\MCAL\RCC\RCC_program.o
 .debug_frame   0x00000a88       0xb0 src\MCAL\SCB\SCB_program.o
 .debug_frame   0x00000b38      0x148 src\MCAL\UART\UART_program.o
 .debug_frame   0x00000c80       0x50 src\Services\Init\Init.o
 .debug_frame   0x00000cd0       0xe4 src\Services\MTP\MTP.o
 .debug_frame   0x00000db4       0x2c d:/prog_files/truestudio for stm32 9.3.0/armtools/bin/../lib/gcc/arm-atollic-eabi/6.3.1/../../../../arm-atollic-eabi/lib/armv7-m\libc_nano.a(lib_a-init.o)

Cross Reference Table

Symbol                                            File
ADC1_2_IRQHandler                                 System\startup_stm32f10x.o
AHBPrescTable                                     src\MCAL\RCC\RCC_program.o
Bootloader_Main                                   src\APP\BootloaderProcess.o
                                                  src\APP\main.o
BusFault_Handler                                  System\stm32f1xx_it.o
                                                  System\startup_stm32f10x.o
CAN1_RX1_IRQHandler                               System\startup_stm32f10x.o
CAN1_SCE_IRQHandler                               System\startup_stm32f10x.o
CMD                                               src\APP\BootloaderProcess.o
DMA1_Channel1_IRQHandler                          System\startup_stm32f10x.o
DMA1_Channel2_IRQHandler                          System\startup_stm32f10x.o
DMA1_Channel3_IRQHandler                          System\startup_stm32f10x.o
DMA1_Channel4_IRQHandler                          src\Services\MTP\MTP.o
                                                  System\startup_stm32f10x.o
DMA1_Channel5_IRQHandler                          src\Services\MTP\MTP.o
                                                  System\startup_stm32f10x.o
DMA1_Channel6_IRQHandler                          System\startup_stm32f10x.o
DMA1_Channel7_IRQHandler                          System\startup_stm32f10x.o
DMA_ChannelInit                                   src\MCAL\DMA\DMA_program.o
                                                  src\Services\MTP\MTP.o
DMA_ChennelDisable                                src\MCAL\DMA\DMA_program.o
                                                  src\Services\MTP\MTP.o
DMA_ChennelEnable                                 src\MCAL\DMA\DMA_program.o
                                                  src\Services\MTP\MTP.o
DMA_ChennelInterruptDisable                       src\MCAL\DMA\DMA_program.o
DMA_ChennelInterruptEnable                        src\MCAL\DMA\DMA_program.o
                                                  src\Services\MTP\MTP.o
DMA_ChennelMemAddress                             src\MCAL\DMA\DMA_program.o
                                                  src\Services\MTP\MTP.o
DMA_ChennelNumberOfData                           src\MCAL\DMA\DMA_program.o
                                                  src\Services\MTP\MTP.o
DMA_ChennelPeriphAddress                          src\MCAL\DMA\DMA_program.o
                                                  src\Services\MTP\MTP.o
DMA_InterruptFlagClear                            src\MCAL\DMA\DMA_program.o
                                                  src\Services\MTP\MTP.o
DebugMon_Handler                                  System\stm32f1xx_it.o
                                                  System\startup_stm32f10x.o
Default_Handler                                   System\startup_stm32f10x.o
EXTI0_IRQHandler                                  System\startup_stm32f10x.o
EXTI15_10_IRQHandler                              System\startup_stm32f10x.o
EXTI1_IRQHandler                                  System\startup_stm32f10x.o
EXTI2_IRQHandler                                  System\startup_stm32f10x.o
EXTI3_IRQHandler                                  System\startup_stm32f10x.o
EXTI4_IRQHandler                                  System\startup_stm32f10x.o
EXTI9_5_IRQHandler                                System\startup_stm32f10x.o
FLASH_IRQHandler                                  System\startup_stm32f10x.o
Flash_EnablePrefetchBuffer                        src\MCAL\Flash\Flash_program.o
                                                  src\Services\Init\Init.o
Flash_EraseMass                                   src\MCAL\Flash\Flash_program.o
Flash_ErasePage                                   src\MCAL\Flash\Flash_program.o
                                                  src\APP\BootloaderProcess.o
Flash_Lock                                        src\MCAL\Flash\Flash_program.o
                                                  src\APP\BootloaderProcess.o
Flash_SetLatency                                  src\MCAL\Flash\Flash_program.o
                                                  src\Services\Init\Init.o
Flash_Unlock                                      src\MCAL\Flash\Flash_program.o
                                                  src\APP\BootloaderProcess.o
Flash_WriteData                                   src\MCAL\Flash\Flash_program.o
                                                  src\APP\BootloaderProcess.o
Flash_WriteWord                                   src\MCAL\Flash\Flash_program.o
GPIO_GetPinValue                                  src\MCAL\GPIO\GPIO_program.o
GPIO_Init                                         src\MCAL\GPIO\GPIO_program.o
                                                  src\Services\MTP\MTP.o
GPIO_SetPinValue                                  src\MCAL\GPIO\GPIO_program.o
GPIO_WritePort                                    src\MCAL\GPIO\GPIO_program.o
HardFault_Handler                                 System\stm32f1xx_it.o
                                                  System\startup_stm32f10x.o
I2C1_ER_IRQHandler                                System\startup_stm32f10x.o
I2C1_EV_IRQHandler                                System\startup_stm32f10x.o
I2C2_ER_IRQHandler                                System\startup_stm32f10x.o
I2C2_EV_IRQHandler                                System\startup_stm32f10x.o
Interrupts_ClearPendingIRQ                        src\HAL\Interrupts\Interrupts_program.o
Interrupts_DisableIRQ                             src\HAL\Interrupts\Interrupts_program.o
                                                  src\APP\BootloaderProcess.o
Interrupts_EnableIRQ                              src\HAL\Interrupts\Interrupts_program.o
                                                  src\Services\MTP\MTP.o
Interrupts_GetActive                              src\HAL\Interrupts\Interrupts_program.o
Interrupts_GetDevicePriority                      src\HAL\Interrupts\Interrupts_program.o
Interrupts_GetPendingIRQ                          src\HAL\Interrupts\Interrupts_program.o
Interrupts_GetPriority                            src\HAL\Interrupts\Interrupts_program.o
Interrupts_SetDevicePriority                      src\HAL\Interrupts\Interrupts_program.o
Interrupts_SetPendingIRQ                          src\HAL\Interrupts\Interrupts_program.o
Interrupts_SetPriority                            src\HAL\Interrupts\Interrupts_program.o
MTP_CalculateChecksum                             src\Services\MTP\MTP.o
MTP_Init                                          src\Services\MTP\MTP.o
                                                  src\APP\main.o
MTP_ReceiveData                                   src\Services\MTP\MTP.o
                                                  src\APP\BootloaderProcess.o
MTP_SendData                                      src\Services\MTP\MTP.o
                                                  src\APP\BootloaderProcess.o
MemManage_Handler                                 System\stm32f1xx_it.o
                                                  System\startup_stm32f10x.o
NMI_Handler                                       System\stm32f1xx_it.o
                                                  System\startup_stm32f10x.o
NVIC_ClearPendingIRQ                              src\MCAL\NVIC\NVIC_program.o
                                                  src\HAL\Interrupts\Interrupts_program.o
NVIC_DisableIRQ                                   src\MCAL\NVIC\NVIC_program.o
                                                  src\HAL\Interrupts\Interrupts_program.o
NVIC_EnableIRQ                                    src\MCAL\NVIC\NVIC_program.o
                                                  src\HAL\Interrupts\Interrupts_program.o
NVIC_GetActive                                    src\MCAL\NVIC\NVIC_program.o
                                                  src\HAL\Interrupts\Interrupts_program.o
NVIC_GetDevicePriority                            src\MCAL\NVIC\NVIC_program.o
                                                  src\HAL\Interrupts\Interrupts_program.o
NVIC_GetPendingIRQ                                src\MCAL\NVIC\NVIC_program.o
                                                  src\HAL\Interrupts\Interrupts_program.o
NVIC_SetDevicePriority                            src\MCAL\NVIC\NVIC_program.o
                                                  src\HAL\Interrupts\Interrupts_program.o
NVIC_SetPendingIRQ                                src\MCAL\NVIC\NVIC_program.o
                                                  src\HAL\Interrupts\Interrupts_program.o
PVD_IRQHandler                                    System\startup_stm32f10x.o
PendSV_Handler                                    System\stm32f1xx_it.o
                                                  System\startup_stm32f10x.o
RCCSystemInit                                     src\MCAL\RCC\RCC_program.o
                                                  src\Services\Init\Init.o
                                                  src\APP\BootloaderProcess.o
RCC_DisableDMA                                    src\MCAL\RCC\RCC_program.o
                                                  src\APP\BootloaderProcess.o
RCC_DisableGPIOA                                  src\MCAL\RCC\RCC_program.o
                                                  src\APP\BootloaderProcess.o
RCC_DisableGPIOB                                  src\MCAL\RCC\RCC_program.o
RCC_DisableGPIOC                                  src\MCAL\RCC\RCC_program.o
RCC_DisableUART                                   src\MCAL\RCC\RCC_program.o
                                                  src\APP\BootloaderProcess.o
RCC_EnableDMA                                     src\MCAL\RCC\RCC_program.o
                                                  src\Services\MTP\MTP.o
RCC_EnableGPIOA                                   src\MCAL\RCC\RCC_program.o
                                                  src\Services\MTP\MTP.o
RCC_EnableGPIOB                                   src\MCAL\RCC\RCC_program.o
RCC_EnableGPIOC                                   src\MCAL\RCC\RCC_program.o
RCC_EnableUART                                    src\MCAL\RCC\RCC_program.o
                                                  src\Services\MTP\MTP.o
RCC_GetSystemCoreClock                            src\MCAL\RCC\RCC_program.o
RCC_IRQHandler                                    System\startup_stm32f10x.o
RCC_ResetGPIOA                                    src\MCAL\RCC\RCC_program.o
                                                  src\APP\BootloaderProcess.o
RCC_ResetGPIOB                                    src\MCAL\RCC\RCC_program.o
RCC_ResetGPIOC                                    src\MCAL\RCC\RCC_program.o
RCC_ResetUART                                     src\MCAL\RCC\RCC_program.o
                                                  src\APP\BootloaderProcess.o
RCC_SetSystemClock72MHz                           src\MCAL\RCC\RCC_program.o
                                                  src\Services\Init\Init.o
RCC_StartHSE                                      src\MCAL\RCC\RCC_program.o
                                                  src\Services\Init\Init.o
RTCAlarm_IRQHandler                               System\startup_stm32f10x.o
RTC_IRQHandler                                    System\startup_stm32f10x.o
Reset_Handler                                     System\startup_stm32f10x.o
RxChennel                                         src\Services\MTP\MTP.o
RxDMAState                                        src\Services\MTP\MTP.o
SCB_GetSystemPriority                             src\MCAL\SCB\SCB_program.o
                                                  src\HAL\Interrupts\Interrupts_program.o
SCB_SetNVICPriorityGrouping                       src\MCAL\SCB\SCB_program.o
SCB_SetSystemPriority                             src\MCAL\SCB\SCB_program.o
                                                  src\HAL\Interrupts\Interrupts_program.o
SCB_SetVectorTableOffset                          src\MCAL\SCB\SCB_program.o
                                                  src\Services\Init\Init.o
                                                  src\APP\BootloaderProcess.o
SPI1_IRQHandler                                   System\startup_stm32f10x.o
SPI2_IRQHandler                                   System\startup_stm32f10x.o
SVC_Handler                                       System\stm32f1xx_it.o
                                                  System\startup_stm32f10x.o
SysTick_Handler                                   System\stm32f1xx_it.o
                                                  System\startup_stm32f10x.o
SystemInit                                        src\Services\Init\Init.o
                                                  System\startup_stm32f10x.o
TAMPER_IRQHandler                                 System\startup_stm32f10x.o
TIM1_BRK_IRQHandler                               System\startup_stm32f10x.o
TIM1_CC_IRQHandler                                System\startup_stm32f10x.o
TIM1_TRG_COM_IRQHandler                           System\startup_stm32f10x.o
TIM1_UP_IRQHandler                                System\startup_stm32f10x.o
TIM2_IRQHandler                                   System\startup_stm32f10x.o
TIM3_IRQHandler                                   System\startup_stm32f10x.o
TIM4_IRQHandler                                   System\startup_stm32f10x.o
TxChennel                                         src\Services\MTP\MTP.o
TxDMAState                                        src\Services\MTP\MTP.o
UARTPins                                          src\Services\MTP\MTP.o
UART_Disable                                      src\MCAL\UART\UART_program.o
UART_Enable                                       src\MCAL\UART\UART_program.o
                                                  src\Services\MTP\MTP.o
UART_Init                                         src\MCAL\UART\UART_program.o
                                                  src\Services\MTP\MTP.o
UART_ReadBuffer                                   src\MCAL\UART\UART_program.o
UART_ReceiveByte                                  src\MCAL\UART\UART_program.o
UART_ReceiveData                                  src\MCAL\UART\UART_program.o
UART_SendByte                                     src\MCAL\UART\UART_program.o
UART_SendData                                     src\MCAL\UART\UART_program.o
UART_WriteToBuffer                                src\MCAL\UART\UART_program.o
USART1_IRQHandler                                 System\startup_stm32f10x.o
USART1_func                                       src\MCAL\UART\UART_program.o
USART2_IRQHandler                                 System\startup_stm32f10x.o
USART3_IRQHandler                                 System\startup_stm32f10x.o
USBWakeUp_IRQHandler                              System\startup_stm32f10x.o
USB_HP_CAN1_TX_IRQHandler                         System\startup_stm32f10x.o
USB_LP_CAN1_RX0_IRQHandler                        System\startup_stm32f10x.o
UsageFault_Handler                                System\stm32f1xx_it.o
                                                  System\startup_stm32f10x.o
WWDG_IRQHandler                                   System\startup_stm32f10x.o
__deregister_frame_info                           d:/prog_files/truestudio for stm32 9.3.0/armtools/bin/../lib/gcc/arm-atollic-eabi/6.3.1/armv7-m/crtbegin.o
__dso_handle                                      d:/prog_files/truestudio for stm32 9.3.0/armtools/bin/../lib/gcc/arm-atollic-eabi/6.3.1/armv7-m/crtbegin.o
__init_array_end                                  d:/prog_files/truestudio for stm32 9.3.0/armtools/bin/../lib/gcc/arm-atollic-eabi/6.3.1/../../../../arm-atollic-eabi/lib/armv7-m\libc_nano.a(lib_a-init.o)
__init_array_start                                d:/prog_files/truestudio for stm32 9.3.0/armtools/bin/../lib/gcc/arm-atollic-eabi/6.3.1/../../../../arm-atollic-eabi/lib/armv7-m\libc_nano.a(lib_a-init.o)
__libc_init_array                                 d:/prog_files/truestudio for stm32 9.3.0/armtools/bin/../lib/gcc/arm-atollic-eabi/6.3.1/../../../../arm-atollic-eabi/lib/armv7-m\libc_nano.a(lib_a-init.o)
                                                  System\startup_stm32f10x.o
__preinit_array_end                               d:/prog_files/truestudio for stm32 9.3.0/armtools/bin/../lib/gcc/arm-atollic-eabi/6.3.1/../../../../arm-atollic-eabi/lib/armv7-m\libc_nano.a(lib_a-init.o)
__preinit_array_start                             d:/prog_files/truestudio for stm32 9.3.0/armtools/bin/../lib/gcc/arm-atollic-eabi/6.3.1/../../../../arm-atollic-eabi/lib/armv7-m\libc_nano.a(lib_a-init.o)
__register_frame_info                             d:/prog_files/truestudio for stm32 9.3.0/armtools/bin/../lib/gcc/arm-atollic-eabi/6.3.1/armv7-m/crtbegin.o
_ebss                                             System\startup_stm32f10x.o
_edata                                            System\startup_stm32f10x.o
_estack                                           System\startup_stm32f10x.o
_fini                                             d:/prog_files/truestudio for stm32 9.3.0/armtools/bin/../lib/gcc/arm-atollic-eabi/6.3.1/armv7-m/crti.o
_init                                             d:/prog_files/truestudio for stm32 9.3.0/armtools/bin/../lib/gcc/arm-atollic-eabi/6.3.1/armv7-m/crti.o
                                                  d:/prog_files/truestudio for stm32 9.3.0/armtools/bin/../lib/gcc/arm-atollic-eabi/6.3.1/../../../../arm-atollic-eabi/lib/armv7-m\libc_nano.a(lib_a-init.o)
_sbss                                             System\startup_stm32f10x.o
_sdata                                            System\startup_stm32f10x.o
_sidata                                           System\startup_stm32f10x.o
buffer                                            src\APP\BootloaderProcess.o
g_pfnVectors                                      System\startup_stm32f10x.o
main                                              src\APP\main.o
                                                  System\startup_stm32f10x.o
msg                                               src\APP\BootloaderProcess.o
transimissinBuffer                                src\Services\MTP\MTP.o
